------------------------------------------------------------
Timing Analyzer Summary
------------------------------------------------------------

Type  : Slow 1100mV 85C Model Setup 'clk'
Slack : -0.414
TNS   : -0.691

Type  : Slow 1100mV 85C Model Hold 'clk'
Slack : 0.533
TNS   : 0.000

Type  : Slow 1100mV 85C Model Minimum Pulse Width 'clk'
Slack : -0.724
TNS   : -3.325

Type  : Slow 1100mV 0C Model Setup 'clk'
Slack : -0.450
TNS   : -0.648

Type  : Slow 1100mV 0C Model Hold 'clk'
Slack : 0.507
TNS   : 0.000

Type  : Slow 1100mV 0C Model Minimum Pulse Width 'clk'
Slack : -0.724
TNS   : -3.338

Type  : Fast 1100mV 85C Model Setup 'clk'
Slack : 0.408
TNS   : 0.000

Type  : Fast 1100mV 85C Model Hold 'clk'
Slack : 0.235
TNS   : 0.000

Type  : Fast 1100mV 85C Model Minimum Pulse Width 'clk'
Slack : -0.085
TNS   : -0.252

Type  : Fast 1100mV 0C Model Setup 'clk'
Slack : 0.439
TNS   : 0.000

Type  : Fast 1100mV 0C Model Hold 'clk'
Slack : 0.210
TNS   : 0.000

Type  : Fast 1100mV 0C Model Minimum Pulse Width 'clk'
Slack : -0.085
TNS   : -0.251

------------------------------------------------------------
