------------------------------------------------------------
Timing Analyzer Summary
------------------------------------------------------------

Type  : Slow 1100mV 85C Model Setup 'clk'
Slack : -8.528
TNS   : -3123.558

Type  : Slow 1100mV 85C Model Hold 'clk'
Slack : 0.546
TNS   : 0.000

Type  : Slow 1100mV 85C Model Minimum Pulse Width 'clk'
Slack : -0.724
TNS   : -613.549

Type  : Slow 1100mV 0C Model Setup 'clk'
Slack : -8.519
TNS   : -3126.455

Type  : Slow 1100mV 0C Model Hold 'clk'
Slack : 0.543
TNS   : 0.000

Type  : Slow 1100mV 0C Model Minimum Pulse Width 'clk'
Slack : -0.724
TNS   : -614.316

Type  : Fast 1100mV 85C Model Setup 'clk'
Slack : -3.351
TNS   : -1120.366

Type  : Fast 1100mV 85C Model Hold 'clk'
Slack : 0.181
TNS   : 0.000

Type  : Fast 1100mV 85C Model Minimum Pulse Width 'clk'
Slack : -0.090
TNS   : -46.654

Type  : Fast 1100mV 0C Model Setup 'clk'
Slack : -2.948
TNS   : -962.256

Type  : Fast 1100mV 0C Model Hold 'clk'
Slack : 0.172
TNS   : 0.000

Type  : Fast 1100mV 0C Model Minimum Pulse Width 'clk'
Slack : -0.090
TNS   : -47.703

------------------------------------------------------------
