------------------------------------------------------------
Timing Analyzer Summary
------------------------------------------------------------

Type  : Slow 1100mV 85C Model Setup 'clk'
Slack : -0.940
TNS   : -12.349

Type  : Slow 1100mV 85C Model Hold 'clk'
Slack : 0.518
TNS   : 0.000

Type  : Slow 1100mV 85C Model Minimum Pulse Width 'clk'
Slack : -0.724
TNS   : -20.036

Type  : Slow 1100mV 0C Model Setup 'clk'
Slack : -0.872
TNS   : -11.891

Type  : Slow 1100mV 0C Model Hold 'clk'
Slack : 0.500
TNS   : 0.000

Type  : Slow 1100mV 0C Model Minimum Pulse Width 'clk'
Slack : -0.724
TNS   : -20.184

Type  : Fast 1100mV 85C Model Setup 'clk'
Slack : 0.228
TNS   : 0.000

Type  : Fast 1100mV 85C Model Hold 'clk'
Slack : 0.178
TNS   : 0.000

Type  : Fast 1100mV 85C Model Minimum Pulse Width 'clk'
Slack : -0.081
TNS   : -1.424

Type  : Fast 1100mV 0C Model Setup 'clk'
Slack : 0.273
TNS   : 0.000

Type  : Fast 1100mV 0C Model Hold 'clk'
Slack : 0.169
TNS   : 0.000

Type  : Fast 1100mV 0C Model Minimum Pulse Width 'clk'
Slack : -0.080
TNS   : -1.424

------------------------------------------------------------
